]0;~/Desktop/STDS/AT2/Charles[?1034h(base) Tampils-MacBook-Pro:Charles tampilprimananda$ git status
On branch master
Your branch is up to date with 'origin/master'.

Changes not staged for commit:
  (use "git add <file>..." to update what will be committed)
  (use "git checkout -- <file>..." to discard changes in working directory)

	[31mmodified:   README.md[m

Untracked files:
  (use "git add <file>..." to include in what will be committed)

	[31m.gitignore[m
	[31mCharles.Rproj[m
	[31mREADME.html[m

no changes added to commit (use "git add" and/or "git commit -a")
]0;~/Desktop/STDS/AT2/Charles(base) Tampils-MacBook-Pro:Charles tampilprimananda$ git commit -a -m "just copmleting users [K[K[K[K[K[Kgroup memeb[K[Kbership lis t on readme file"
[master 8e6b8b1] just copmleting group membership list on readme file
 Committer: Tampil Primananda <tampilprimananda@Tampils-MacBook-Pro.local>
Your name and email address were configured automatically based
on your username and hostname. Please check that they are accurate.
You can suppress this message by setting them explicitly. Run the
following command and follow the instructions in your editor to edit
your configuration file:

    git config --global --edit

After doing this, you may fix the identity used for this commit with:

    git commit --amend --reset-author

 1 file changed, 7 insertions(+), 3 deletions(-)
]0;~/Desktop/STDS/AT2/Charles(base) Tampils-MacBook-Pro:Charles tampilprimananda$ git status
On branch master
Your branch is up to date with 'origin/master'.

Untracked files:
  (use "git add <file>..." to include in what will be committed)

	[31m.gitignore[m
	[31mCharles.Rproj[m
	[31mREADME.html[m

nothing added to commit but untracked files present (use "git add" to track)
]0;~/Desktop/STDS/AT2/Charles(base) Tampils-MacBook-Pro:Charles tampilprimananda$ git add
Nothing specified, nothing added.
Maybe you wanted to say 'git add .'?
]0;~/Desktop/STDS/AT2/Charles(base) Tampils-MacBook-Pro:Charles tampilprimananda$ git add.[K .
]0;~/Desktop/STDS/AT2/Charles(base) Tampils-MacBook-Pro:Charles tampilprimananda$ git checkout charles
error: pathspec 'charles' did not match any file(s) known to git
]0;~/Desktop/STDS/AT2/Charles(base) Tampils-MacBook-Pro:Charles tampilprimananda$ git checkout charles-charlesbcharles charles
A	.gitignore
A	Charles.Rproj
A	README.html
Switched to a new branch 'charles'
]0;~/Desktop/STDS/AT2/Charles(base) Tampils-MacBook-Pro:Charles tampilprimananda$ ls
Charles.Rproj	README.html	README.md	data
]0;~/Desktop/STDS/AT2/Charles(base) Tampils-MacBook-Pro:Charles tampilprimananda$ git commit -a -m
error: switch `m' requires a value
]0;~/Desktop/STDS/AT2/Charles(base) Tampils-MacBook-Pro:Charles tampilprimananda$ git commit -a -m[K[K[K
hint: Waiting for your editor to close the file... [?2004h
[No write since last change]

error: There was a problem with the editor 'vi'.
Please supply the message using either -m or -F option.
]0;~/Desktop/STDS/AT2/Charles(base) Tampils-MacBook-Pro:Charles tampilprimananda$ ;2A[K[K[Kgit commit -a -m "test push"[K[K[K[K[Kcommit"
[charles bbe2a75] test commit
 Committer: Tampil Primananda <tampilprimananda@Tampils-MacBook-Pro.local>
Your name and email address were configured automatically based
on your username and hostname. Please check that they are accurate.
You can suppress this message by setting them explicitly. Run the
following command and follow the instructions in your editor to edit
your configuration file:

    git config --global --edit

After doing this, you may fix the identity used for this commit with:

    git commit --amend --reset-author

 3 files changed, 266 insertions(+)
 create mode 100644 .gitignore
 create mode 100644 Charles.Rproj
 create mode 100644 README.html
]0;~/Desktop/STDS/AT2/Charles(base) Tampils-MacBook-Pro:Charles tampilprimananda$ [K(base) Tampils-MacBook-Pro:Charles tampilprimananda$ git checkout - [K[Kmaster
Switched to branch 'master'
Your branch is up to date with 'origin/master'.
]0;~/Desktop/STDS/AT2/Charles(base) Tampils-MacBook-Pro:Charles tampilprimananda$ HEAD is now at 5796aab renaming and reorder
]0;~/Desktop/STDS/AT2/Charles(base) Tampils-MacBook-Pro:Charles tampilprimananda$ git pull
Updating 5796aab..63ddfe4
Fast-forward
 .DS_Store                          | Bin [31m8196[m -> [32m8196[m bytes
 .Rproj.user/shared/notebooks/paths |   6 [32m++++[m
 Vincent_test.R                     |  54 [32m+++++++++++++++++++++++++++[m[31m-------[m
 consolidation_all.R                | 102 [32m+++++++++++++++++++++++++++++++++++++++++++++++[m[31m-----------------[m
 data/2003-2006.xls                 | Bin [31m0[m -> [32m368640[m bytes
 data/2007-2009.xls                 | Bin [31m0[m -> [32m282624[m bytes
 data/2010-2013.xls                 | Bin [31m0[m -> [32m548352[m bytes
 data/2014-2017.xls                 | Bin [31m0[m -> [32m575488[m bytes
 data/2018-current.xls              | Bin [31m0[m -> [32m283648[m bytes
 fineco_as2.git                     |   1 [32m+[m
 10 files changed, 127 insertions(+), 36 deletions(-)
 create mode 100644 data/2003-2006.xls
 create mode 100644 data/2007-2009.xls
 create mode 100644 data/2010-2013.xls
 create mode 100644 data/2014-2017.xls
 create mode 100644 data/2018-current.xls
 create mode 160000 fineco_as2.git
]0;~/Desktop/STDS/AT2/Charles(base) Tampils-MacBook-Pro:Charles tampilprimananda$ 